// Jest Snapshot v1, https://goo.gl/fbAQLP

exports[`should render CurrentQuote 1`] = `
<div
  className="sc-bdVaJa iMTDGv"
>
  <blockquote>
    <p
      className="sc-bwzfXH ffjyNP"
    >
      One love
    </p>
    <p
      className="sc-htpNat kUuuSH"
    >
      Bob Marley
       
      <i
        className="empty heart icon"
        onClick={[Function]}
      />
    </p>
  </blockquote>
</div>
`;
