// Jest Snapshot v1, https://goo.gl/fbAQLP

exports[`should render CurrentQuote 1`] = `
<div
  className="Current-Quote"
>
  <blockquote>
    <p>
      One love
    </p>
    <div
      className="quote-source"
    >
      Bob Marley
       
      <i
        aria-hidden="true"
        className="empty heart icon"
        onClick={[Function]}
      />
    </div>
  </blockquote>
</div>
`;
